{"田地":{"id":"f1b63c0a-68db-4efb-b864-37ac1c1d5998","argument":[{"pos":"ENTITY_oov","text":"田地","checked":false,"checkbox":true}]},"透天":{"id":"7d74d580-6e4a-488c-8b9d-0a4e9d5b79c0","argument":[{"pos":"ENTITY_oov","text":"透天","checked":false,"checkbox":true}]},"10樓公寓":{"id":"804a7675-6221-46f5-be01-822f39d9d8dd","argument":[{"pos":"ENTITY_noun","text":"10樓","checked":true,"checkbox":true},{"pos":"ENTITY_nounHead","text":"公寓","checked":false,"checkbox":true}]},"電梯大樓":{"id":"7f175ca6-30ad-43de-b641-14a8e9f49b76","argument":[{"pos":"ENTITY_noun","text":"電梯","checked":true,"checkbox":true},{"pos":"ENTITY_nouny","text":"大樓","checked":false,"checkbox":true}]},"version":{"atk":"v236","intent":"1.0"},"user_defined":{"JOB":["工程師","工人","建築師","律師","法官"],"LOAN":["信用貸款","房貸","車貸","信貸"],"SCHOOL":["台灣大學","國立台灣大學"],"EDUCATION":["phD","博士","博士候選","學士","碩士","大專","大學","高中","國中","國小","五專","二技"]}}