{"100坪":{"id":"1534cad6-7607-43dc-89da-35f5a3535165","argument":[{"pos":"ENTITY_measurement","text":"100坪","checked":true,"checkbox":false}]},"version":{"atk":"v236","intent":"1.0"},"user_defined":{"JOB":["工程師","工人","建築師","律師","法官"],"LOAN":["信用貸款","房貸","車貸","信貸"],"SCHOOL":["台灣大學","國立台灣大學"],"EDUCATION":["phD","博士","博士候選","學士","碩士","大專","大學","高中","國中","國小","五專","二技"]}}