{"十年屋齡":{"id":"a01af2fa-e7e7-4081-af9a-d9cb5c33230e","argument":[{"pos":"TIME_year","text":"十年","checked":true,"checkbox":false},{"pos":"ENTITY_oov","text":"屋齡","checked":false,"checkbox":true}]},"屋齡十年":{"id":"75e2433f-11b3-4f95-ae94-1172653d4747","argument":[{"pos":"ENTITY_oov","text":"屋齡","checked":false,"checkbox":true},{"pos":"TIME_year","text":"十年","checked":true,"checkbox":false}]},"十年前買的":{"id":"404a1d9e-7869-4bb0-90fb-02286b9cdbd1","argument":[{"pos":"TIME_year","text":"十年","checked":true,"checkbox":false},{"pos":"RANGE_period","text":"前","checked":true,"checkbox":false},{"pos":"ACTION_verb","text":"買","checked":false,"checkbox":false},{"pos":"FUNC_inner","text":"的","checked":false,"checkbox":false}]},"version":{"atk":"v236","intent":"1.0"},"user_defined":{"JOB":["工程師","工人","建築師","律師","法官"],"LOAN":["信用貸款","房貸","車貸","信貸"],"SCHOOL":["台灣大學","國立台灣大學"],"EDUCATION":["phD","博士","博士候選","學士","碩士","大專","大學","高中","國中","國小","五專","二技"]}}